// Vitest Snapshot v1, https://vitest.dev/guide/snapshot.html

exports[`unit:tripleSlashComment > should be comment construct 1`] = `
{
  "continuation": {
    "tokenize": [Function tokenizeLineCommentContinuation],
  },
  "exit": [Function exitLineComment],
  "tokenize": [Function tokenizeLineComment],
}
`;
